<html>
<body>
<pre>
<h1>µVision Build Log</h1>
<h2>Project:</h2>
E:\Œ“µƒœ¬‘ÿ\sandbox\AHRS v5.2\User\SKYWORKS.uvproj
Project File Date:  10/31/2013

<h2>Output:</h2>
Build target '1.LED'
compiling main.c...
..\User\main.c(82): warning:  #111-D: statement is unreachable
compiling stm32f10x_it.c...
compiling AHRS.c...
compiling ledTask.c...
compiling flashTask.c...
compiling axisTrans.c...
compiling filter.c...
compiling AHRSEKF.c...
compiling kalman.c...
compiling I2Ctest.c...
compiling core_cm3.c...
compiling system_stm32f10x.c...
compiling misc.c...
compiling stm32f10x_gpio.c...
compiling stm32f10x_i2c.c...
compiling stm32f10x_rcc.c...
compiling stm32f10x_spi.c...
compiling stm32f10x_tim.c...
compiling stm32f10x_usart.c...
compiling stm32f10x_flash.c...
assembling startup_stm32f10x_md.s...
compiling croutine.c...
compiling list.c...
compiling queue.c...
compiling tasks.c...
compiling timers.c...
compiling port.c...
compiling heap_2.c...
compiling UART.c...
compiling spi.c...
compiling led.c...
compiling mag3110.c...
compiling AD7689.c...
compiling MS5607B.c...
compiling I2C.c...
compiling arm_mat_add_f32.c...
compiling arm_mat_inverse_f32.c...
compiling arm_mat_mult_f32.c...
compiling arm_mat_sub_f32.c...
compiling arm_mat_trans_f32.c...
compiling arm_cos_f32.c...
compiling arm_sin_f32.c...
linking...
Program Size: Code=26280 RO-data=3576 RW-data=144 ZI-data=18840  
FromELF: creating hex file...
"..\Object\SKYWORKS.axf" - 0 Errors, 1 Warning(s).
Build target '1.LED'
compiling main.c...
..\User\main.c(82): warning:  #111-D: statement is unreachable
compiling stm32f10x_it.c...
compiling AHRS.c...
compiling ledTask.c...
compiling flashTask.c...
compiling axisTrans.c...
compiling filter.c...
compiling AHRSEKF.c...
compiling kalman.c...
compiling I2Ctest.c...
compiling core_cm3.c...
compiling system_stm32f10x.c...
compiling misc.c...
compiling stm32f10x_gpio.c...
compiling stm32f10x_i2c.c...
compiling stm32f10x_rcc.c...
compiling stm32f10x_spi.c...
compiling stm32f10x_tim.c...
compiling stm32f10x_usart.c...
compiling stm32f10x_flash.c...
assembling startup_stm32f10x_md.s...
compiling croutine.c...
compiling list.c...
compiling queue.c...
compiling tasks.c...
compiling timers.c...
compiling port.c...
compiling heap_2.c...
compiling UART.c...
compiling spi.c...
compiling led.c...
compiling mag3110.c...
compiling AD7689.c...
compiling MS5607B.c...
compiling I2C.c...
compiling arm_mat_add_f32.c...
compiling arm_mat_inverse_f32.c...
compiling arm_mat_mult_f32.c...
compiling arm_mat_sub_f32.c...
compiling arm_mat_trans_f32.c...
compiling arm_cos_f32.c...
compiling arm_sin_f32.c...
linking...
Program Size: Code=26280 RO-data=3576 RW-data=144 ZI-data=18840  
FromELF: creating hex file...
"..\Object\SKYWORKS.axf" - 0 Errors, 1 Warning(s).
