<html>
<body>
<pre>
<h1>µVision Build Log</h1>
<h2>Project:</h2>
G:\Program Data\cloud station\keilProject\arm\AHRS\AHRS v3.2r\User\SKYWORKS.uvproj
Project File Date:  01/19/2014

<h2>Output:</h2>
Build target '1.LED'
compiling mag3110.c...
linking...
Program Size: Code=19104 RO-data=364 RW-data=140 ZI-data=18884  
FromELF: creating hex file...
".\SKYWORKS.axf" - 0 Error(s), 0 Warning(s).
Load "G:\\Program Data\\cloud station\\keilProject\\arm\\AHRS\\AHRS v3.2r\\User\\SKYWORKS.axf" 
Set JLink Project File to "G:\Program Data\cloud station\keilProject\arm\AHRS\AHRS v3.2r\User\JLinkSettings.ini"
* JLink Info: Device "STM32F103C8" selected (64 KB flash, 20 KB RAM).
 
JLink info:
------------
DLL: V4.76d, compiled Sep 13 2013 16:35:06
Firmware: J-Link ARM-OB STM32 compiled Aug 22 2012 19:52:04
Hardware: V7.00
S/N : 20090928 
Feature(s) : RDI,FlashDL,FlashBP,JFlash,GDBFull 
 
* JLink Info: Found SWD-DP with ID 0x1BA01477
* JLink Info: Found SWD-DP with ID 0x1BA01477
* JLink Info: Found Cortex-M3 r1p1, Little endian.
* JLink Info: FPUnit: 6 code (BP) slots and 2 literal slots
* JLink Info: TPIU fitted.
ROMTableAddr = 0xE00FF003
 
Target info:
------------
Device: STM32F103C8
VTarget = 3.300V
State of Pins: 
TCK: 0, TDI: 0, TDO: 1, TMS: 0, TRES: 1, TRST: 1
Hardware-Breakpoints: 6
Software-Breakpoints: 8192
Watchpoints:          4
JTAG speed: 500 kHz
 
Erase Done.
Programming Done.
Verify OK.
Application running ...
</pre>
</body>
</html>
